GNU bash, version 4.4.20(1)-release (x86_64-pc-linux-gnu)
gcc -g p1final.c
îº§ gdb a.out
GNU gdb (Ubuntu 8.1.1-0ubuntu1) 8.1.1
Copyright (C) 2018 Free Software Foundation, Inc.
License GPLv3+: GNU GPL version 3 or later <http://gnu.org/licenses/gpl.html>
This is free software: you are free to change and redistribute it.
There is NO WARRANTY, to the extent permitted by law.  Type "show copying"
and "show warranty" for details.
This GDB was configured as "x86_64-linux-gnu".
Type "show configuration" for configuration details.
For bug reporting instructions, please see:
<http://www.gnu.org/software/gdb/bugs/>.
Find the GDB manual and other documentation resources online at:
<http://www.gnu.org/software/gdb/documentation/>.
For help, type "help".
Type "apropos word" to search for commands related to "word"...
Reading symbols from a.out...done.
(gdb) b main
Breakpoint 1 at 0x772: file p1final.c, line 3.
(gdb) r
Starting program: /home/runner/test4-sakethb10/a.out 
warning: Error disabling address space randomization: Operation not permitted

Breakpoint 1, main () at p1final.c:3
3   {
(gdb) n
5     printf("Enter two values to be added:\n");
(gdb) n
Enter two values to be added:
6     scanf("%d%d", &a,&b);
(gdb) n
3
4
7     c=a+b;
(gdb) n
8     printf("The sum of %d and %d is %d", a,b,c);
(gdb) n
9     return 0;
(gdb) n
10  }(gdb) n
__libc_start_main (main=0x55ed93e0076a <main>, argc=1, 
    argv=0x7ffcfd456af8, init=<optimized out>, 
    fini=<optimized out>, rtld_fini=<optimized out>, 
    stack_end=0x7ffcfd456ae8) at ../csu/libc-start.c:344
344 ../csu/libc-start.c: No such file or directory.
(gdb) q
A debugging session is active.

    Inferior 1 [process 152] will be killed.

Quit anyway? (y or n) y
