 
 gcc p10original.c
 gdb a.out
GNU gdb (Ubuntu 8.1.1-0ubuntu1) 8.1.1
Copyright (C) 2018 Free Software Foundation, Inc.
License GPLv3+: GNU GPL version 3 or later <http://gnu.org/licenses/gpl.html>
This is free software: you are free to change and redistribute it.
There is NO WARRANTY, to the extent permitted by law.  Type "show copying"
and "show warranty" for details.
This GDB was configured as "x86_64-linux-gnu".
Type "show configuration" for configuration details.
For bug reporting instructions, please see:
<http://www.gnu.org/software/gdb/bugs/>.
Find the GDB manual and other documentation resources online at:
<http://www.gnu.org/software/gdb/documentation/>.
For help, type "help".
Type "apropos word" to search for commands related to "word"...
Reading symbols from a.out...(no debugging symbols found)...done.
(gdb) b main
Breakpoint 1 at 0x82d
(gdb) r
Starting program: /home/runner/test4-sakethb10/a.out 
warning: Error disabling address space randomization: Operation not permitted

Breakpoint 1, 0x0000560cf980082d in main ()
(gdb) n
Single stepping until exit from function main,
which has no line number information.
Enter a complex number: 2 3
Enter a complex number: 4 5
__libc_start_main (main=0x560cf9800829 <main>, argc=1, 
    argv=0x7fff375c75b8, init=<optimized out>, 
    fini=<optimized out>, rtld_fini=<optimized out>, 
    stack_end=0x7fff375c75a8) at ../csu/libc-start.c:344
344 ../csu/libc-start.c: No such file or directory.
(gdb) n
2.000000 + 3.000000i + 4.000000 + 5.000000i is 6.000000 + 8.000000i[Inferior 1 (process 132) exited normally]
(gdb) q
